Archive member included because of file (symbol)

d:/sdk_win_64/winavr/bin/../lib/gcc/avr/4.3.3/avr5\libgcc.a(_udivmodqi4.o)
                              ./main.o (__udivmodqi4)
d:/sdk_win_64/winavr/bin/../lib/gcc/avr/4.3.3/avr5\libgcc.a(_udivmodsi4.o)
                              ./main.o (__udivmodsi4)
d:/sdk_win_64/winavr/bin/../lib/gcc/avr/4.3.3/avr5\libgcc.a(_exit.o)
                              d:/sdk_win_64/winavr/bin/../lib/gcc/avr/4.3.3/../../../../avr/lib/avr5/crtm32.o (exit)
d:/sdk_win_64/winavr/bin/../lib/gcc/avr/4.3.3/avr5\libgcc.a(_copy_data.o)
                              ./main.o (__do_copy_data)
d:/sdk_win_64/winavr/bin/../lib/gcc/avr/4.3.3/avr5\libgcc.a(_clear_bss.o)
                              ./DIO_PROGRAM.o (__do_clear_bss)

Allocating common symbols
Common symbol       size              file

digit               0x1               ./main.o
x                   0xf               ./main.o
State               0x1               ./DIO_PROGRAM.o
PinType             0x1               ./DIO_PROGRAM.o
decimal             0x2               ./main.o

Memory Configuration

Name             Origin             Length             Attributes
text             0x00000000         0x00020000         xr
data             0x00800060         0x0000ffa0         rw !x
eeprom           0x00810000         0x00010000         rw !x
fuse             0x00820000         0x00000400         rw !x
lock             0x00830000         0x00000400         rw !x
signature        0x00840000         0x00000400         rw !x
*default*        0x00000000         0xffffffff

Linker script and memory map

LOAD d:/sdk_win_64/winavr/bin/../lib/gcc/avr/4.3.3/../../../../avr/lib/avr5/crtm32.o
LOAD ./DIO_PROGRAM.o
LOAD ./EEPROM_Program.o
LOAD ./GIE_program.o
LOAD ./H_BRIDGE_Program.o
LOAD ./TWI_Program.o
LOAD ./Thermo_Program.o
LOAD ./Timer_program.o
LOAD ./exti_program.o
LOAD ./main.o
LOAD d:/sdk_win_64/winavr/bin/../lib/gcc/avr/4.3.3/avr5\libgcc.a
LOAD d:/sdk_win_64/winavr/bin/../lib/gcc/avr/4.3.3/../../../../avr/lib/avr5\libc.a
LOAD d:/sdk_win_64/winavr/bin/../lib/gcc/avr/4.3.3/avr5\libgcc.a

.hash
 *(.hash)

.dynsym
 *(.dynsym)

.dynstr
 *(.dynstr)

.gnu.version
 *(.gnu.version)

.gnu.version_d
 *(.gnu.version_d)

.gnu.version_r
 *(.gnu.version_r)

.rel.init
 *(.rel.init)

.rela.init
 *(.rela.init)

.rel.text
 *(.rel.text)
 *(.rel.text.*)
 *(.rel.gnu.linkonce.t*)

.rela.text
 *(.rela.text)
 *(.rela.text.*)
 *(.rela.gnu.linkonce.t*)

.rel.fini
 *(.rel.fini)

.rela.fini
 *(.rela.fini)

.rel.rodata
 *(.rel.rodata)
 *(.rel.rodata.*)
 *(.rel.gnu.linkonce.r*)

.rela.rodata
 *(.rela.rodata)
 *(.rela.rodata.*)
 *(.rela.gnu.linkonce.r*)

.rel.data
 *(.rel.data)
 *(.rel.data.*)
 *(.rel.gnu.linkonce.d*)

.rela.data
 *(.rela.data)
 *(.rela.data.*)
 *(.rela.gnu.linkonce.d*)

.rel.ctors
 *(.rel.ctors)

.rela.ctors
 *(.rela.ctors)

.rel.dtors
 *(.rel.dtors)

.rela.dtors
 *(.rela.dtors)

.rel.got
 *(.rel.got)

.rela.got
 *(.rela.got)

.rel.bss
 *(.rel.bss)

.rela.bss
 *(.rela.bss)

.rel.plt
 *(.rel.plt)

.rela.plt
 *(.rela.plt)

.text           0x00000000     0x11ce
 *(.vectors)
 .vectors       0x00000000       0x54 d:/sdk_win_64/winavr/bin/../lib/gcc/avr/4.3.3/../../../../avr/lib/avr5/crtm32.o
                0x00000000                __vectors
                0x00000000                __vector_default
 *(.vectors)
 *(.progmem.gcc*)
 *(.progmem*)
                0x00000054                . = ALIGN (0x2)
                0x00000054                __trampolines_start = .
 *(.trampolines)
 .trampolines   0x00000054        0x0 linker stubs
 *(.trampolines*)
                0x00000054                __trampolines_end = .
 *(.jumptables)
 *(.jumptables*)
 *(.lowtext)
 *(.lowtext*)
                0x00000054                __ctors_start = .
 *(.ctors)
                0x00000054                __ctors_end = .
                0x00000054                __dtors_start = .
 *(.dtors)
                0x00000054                __dtors_end = .
 SORT(*)(.ctors)
 SORT(*)(.dtors)
 *(.init0)
 .init0         0x00000054        0x0 d:/sdk_win_64/winavr/bin/../lib/gcc/avr/4.3.3/../../../../avr/lib/avr5/crtm32.o
                0x00000054                __init
 *(.init0)
 *(.init1)
 *(.init1)
 *(.init2)
 .init2         0x00000054        0xc d:/sdk_win_64/winavr/bin/../lib/gcc/avr/4.3.3/../../../../avr/lib/avr5/crtm32.o
 *(.init2)
 *(.init3)
 *(.init3)
 *(.init4)
 .init4         0x00000060       0x16 d:/sdk_win_64/winavr/bin/../lib/gcc/avr/4.3.3/avr5\libgcc.a(_copy_data.o)
                0x00000060                __do_copy_data
 .init4         0x00000076       0x10 d:/sdk_win_64/winavr/bin/../lib/gcc/avr/4.3.3/avr5\libgcc.a(_clear_bss.o)
                0x00000076                __do_clear_bss
 *(.init4)
 *(.init5)
 *(.init5)
 *(.init6)
 *(.init6)
 *(.init7)
 *(.init7)
 *(.init8)
 *(.init8)
 *(.init9)
 .init9         0x00000086        0x8 d:/sdk_win_64/winavr/bin/../lib/gcc/avr/4.3.3/../../../../avr/lib/avr5/crtm32.o
 *(.init9)
 *(.text)
 .text          0x0000008e        0x4 d:/sdk_win_64/winavr/bin/../lib/gcc/avr/4.3.3/../../../../avr/lib/avr5/crtm32.o
                0x0000008e                __vector_12
                0x0000008e                __bad_interrupt
                0x0000008e                __vector_6
                0x0000008e                __vector_3
                0x0000008e                __vector_11
                0x0000008e                __vector_13
                0x0000008e                __vector_17
                0x0000008e                __vector_19
                0x0000008e                __vector_7
                0x0000008e                __vector_5
                0x0000008e                __vector_4
                0x0000008e                __vector_9
                0x0000008e                __vector_2
                0x0000008e                __vector_15
                0x0000008e                __vector_8
                0x0000008e                __vector_14
                0x0000008e                __vector_16
                0x0000008e                __vector_18
                0x0000008e                __vector_20
 .text          0x00000092        0x0 ./DIO_PROGRAM.o
 .text          0x00000092        0x0 ./EEPROM_Program.o
 .text          0x00000092        0x0 ./GIE_program.o
 .text          0x00000092        0x0 ./H_BRIDGE_Program.o
 .text          0x00000092        0x0 ./TWI_Program.o
 .text          0x00000092        0x0 ./Thermo_Program.o
 .text          0x00000092        0x0 ./Timer_program.o
 .text          0x00000092        0x0 ./exti_program.o
 .text          0x00000092        0x0 ./main.o
 .text          0x00000092        0x0 d:/sdk_win_64/winavr/bin/../lib/gcc/avr/4.3.3/avr5\libgcc.a(_udivmodqi4.o)
 .text          0x00000092        0x0 d:/sdk_win_64/winavr/bin/../lib/gcc/avr/4.3.3/avr5\libgcc.a(_udivmodsi4.o)
 .text          0x00000092        0x0 d:/sdk_win_64/winavr/bin/../lib/gcc/avr/4.3.3/avr5\libgcc.a(_exit.o)
 .text          0x00000092        0x0 d:/sdk_win_64/winavr/bin/../lib/gcc/avr/4.3.3/avr5\libgcc.a(_copy_data.o)
 .text          0x00000092        0x0 d:/sdk_win_64/winavr/bin/../lib/gcc/avr/4.3.3/avr5\libgcc.a(_clear_bss.o)
                0x00000092                . = ALIGN (0x2)
 *(.text.*)
 .text.DIO_u8SetPinDirection
                0x00000092      0x100 ./DIO_PROGRAM.o
                0x00000092                DIO_u8SetPinDirection
 .text.DIO_u8SetPinValue
                0x00000192      0x100 ./DIO_PROGRAM.o
                0x00000192                DIO_u8SetPinValue
 .text.DIO_u8SetPortDirection
                0x00000292       0x48 ./DIO_PROGRAM.o
                0x00000292                DIO_u8SetPortDirection
 .text.DIO_u8SetPortValue
                0x000002da       0x28 ./DIO_PROGRAM.o
                0x000002da                DIO_u8SetPortValue
 .text.DIO_u8GetPinValue
                0x00000302       0x46 ./DIO_PROGRAM.o
                0x00000302                DIO_u8GetPinValue
 .text.DIO_u8Set4PinDirection
                0x00000348       0xea ./DIO_PROGRAM.o
                0x00000348                DIO_u8Set4PinDirection
 .text.DIO_u8Set4PinValue
                0x00000432       0xac ./DIO_PROGRAM.o
                0x00000432                DIO_u8Set4PinValue
 .text.EEPROM_u8ReadDataByte
                0x000004de       0x48 ./EEPROM_Program.o
                0x000004de                EEPROM_u8ReadDataByte
 .text.EEPROM_voidSendDataByte
                0x00000526       0x38 ./EEPROM_Program.o
                0x00000526                EEPROM_voidSendDataByte
 .text.GIE_voidEnable
                0x0000055e        0x8 ./GIE_program.o
                0x0000055e                GIE_voidEnable
 .text.H_voidPeltier_OFF
                0x00000566       0x2a ./H_BRIDGE_Program.o
                0x00000566                H_voidPeltier_OFF
 .text.H_voidPeltier_Heating
                0x00000590       0x2a ./H_BRIDGE_Program.o
                0x00000590                H_voidPeltier_Heating
 .text.H_voidPeltier_Cooling
                0x000005ba       0x2a ./H_BRIDGE_Program.o
                0x000005ba                H_voidPeltier_Cooling
 .text.TWI_voidInitMaster
                0x000005e4       0x1a ./TWI_Program.o
                0x000005e4                TWI_voidInitMaster
 .text.TWI_voidInitSlave
                0x000005fe       0x12 ./TWI_Program.o
                0x000005fe                TWI_voidInitSlave
 .text.TWI_u8StartCondition
                0x00000610       0x20 ./TWI_Program.o
                0x00000610                TWI_u8StartCondition
 .text.TWI_u8SendSlaveAddressWithWrite
                0x00000630       0x26 ./TWI_Program.o
                0x00000630                TWI_u8SendSlaveAddressWithWrite
 .text.TWI_u8SendSlaveAddressWithRead
                0x00000656       0x26 ./TWI_Program.o
                0x00000656                TWI_u8SendSlaveAddressWithRead
 .text.TWI_u8MasterSendDataByte
                0x0000067c       0x1c ./TWI_Program.o
                0x0000067c                TWI_u8MasterSendDataByte
 .text.TWI_u8MasterReadDataByte
                0x00000698       0x20 ./TWI_Program.o
                0x00000698                TWI_u8MasterReadDataByte
 .text.TWI_u8RepeatedStart
                0x000006b8       0x20 ./TWI_Program.o
                0x000006b8                TWI_u8RepeatedStart
 .text.TWI_voidStopCondtion
                0x000006d8        0xe ./TWI_Program.o
                0x000006d8                TWI_voidStopCondtion
 .text.therm_voidwrite_bit
                0x000006e6       0x42 ./Thermo_Program.o
                0x000006e6                therm_voidwrite_bit
 .text.therm_voidwrite_byte
                0x00000728       0x1c ./Thermo_Program.o
                0x00000728                therm_voidwrite_byte
 .text.therm_u8read_bit
                0x00000744       0x56 ./Thermo_Program.o
                0x00000744                therm_u8read_bit
 .text.therm_u8read_byte
                0x0000079a       0x26 ./Thermo_Program.o
                0x0000079a                therm_u8read_byte
 .text.therm_u8reset
                0x000007c0       0x58 ./Thermo_Program.o
                0x000007c0                therm_u8reset
 .text.therm_u8read_temperature
                0x00000818       0x78 ./Thermo_Program.o
                0x00000818                therm_u8read_temperature
 .text.TIMER0_voidinit
                0x00000890       0x2c ./Timer_program.o
                0x00000890                TIMER0_voidinit
 .text.TIMER0_voidSetPreLoadValue
                0x000008bc        0x4 ./Timer_program.o
                0x000008bc                TIMER0_voidSetPreLoadValue
 .text.TIMER0_voidSetCTCRegister
                0x000008c0        0x4 ./Timer_program.o
                0x000008c0                TIMER0_voidSetCTCRegister
 .text.EXTI0_voidInit
                0x000008c4       0x14 ./exti_program.o
                0x000008c4                EXTI0_voidInit
 .text.EXTI1_voidInit
                0x000008d8       0x14 ./exti_program.o
                0x000008d8                EXTI1_voidInit
 .text.EXTI2_voidInit
                0x000008ec        0xe ./exti_program.o
                0x000008ec                EXTI2_voidInit
 .text.EXTI_voidSenseControl
                0x000008fa       0x2c ./exti_program.o
                0x000008fa                EXTI_voidSenseControl
 .text.__vector_1
                0x00000926       0x52 ./main.o
                0x00000926                __vector_1
 .text.__vector_10
                0x00000978      0x172 ./main.o
                0x00000978                __vector_10
 .text.main     0x00000aea      0x684 ./main.o
                0x00000aea                main
 .text.libgcc   0x0000116e       0x18 d:/sdk_win_64/winavr/bin/../lib/gcc/avr/4.3.3/avr5\libgcc.a(_udivmodqi4.o)
                0x0000116e                __udivmodqi4
 .text.libgcc   0x00001186       0x44 d:/sdk_win_64/winavr/bin/../lib/gcc/avr/4.3.3/avr5\libgcc.a(_udivmodsi4.o)
                0x00001186                __udivmodsi4
 .text.libgcc   0x000011ca        0x0 d:/sdk_win_64/winavr/bin/../lib/gcc/avr/4.3.3/avr5\libgcc.a(_exit.o)
 .text.libgcc   0x000011ca        0x0 d:/sdk_win_64/winavr/bin/../lib/gcc/avr/4.3.3/avr5\libgcc.a(_copy_data.o)
 .text.libgcc   0x000011ca        0x0 d:/sdk_win_64/winavr/bin/../lib/gcc/avr/4.3.3/avr5\libgcc.a(_clear_bss.o)
                0x000011ca                . = ALIGN (0x2)
 *(.fini9)
 .fini9         0x000011ca        0x0 d:/sdk_win_64/winavr/bin/../lib/gcc/avr/4.3.3/avr5\libgcc.a(_exit.o)
                0x000011ca                exit
                0x000011ca                _exit
 *(.fini9)
 *(.fini8)
 *(.fini8)
 *(.fini7)
 *(.fini7)
 *(.fini6)
 *(.fini6)
 *(.fini5)
 *(.fini5)
 *(.fini4)
 *(.fini4)
 *(.fini3)
 *(.fini3)
 *(.fini2)
 *(.fini2)
 *(.fini1)
 *(.fini1)
 *(.fini0)
 .fini0         0x000011ca        0x4 d:/sdk_win_64/winavr/bin/../lib/gcc/avr/4.3.3/avr5\libgcc.a(_exit.o)
 *(.fini0)
                0x000011ce                _etext = .

.data           0x00800060        0x6 load address 0x000011ce
                0x00800060                PROVIDE (__data_start, .)
 *(.data)
 .data          0x00800060        0x0 d:/sdk_win_64/winavr/bin/../lib/gcc/avr/4.3.3/../../../../avr/lib/avr5/crtm32.o
 .data          0x00800060        0x0 ./DIO_PROGRAM.o
 .data          0x00800060        0x0 ./EEPROM_Program.o
 .data          0x00800060        0x0 ./GIE_program.o
 .data          0x00800060        0x0 ./H_BRIDGE_Program.o
 .data          0x00800060        0x0 ./TWI_Program.o
 .data          0x00800060        0x0 ./Thermo_Program.o
 .data          0x00800060        0x0 ./Timer_program.o
 .data          0x00800060        0x0 ./exti_program.o
 .data          0x00800060        0x0 ./main.o
 .data          0x00800060        0x0 d:/sdk_win_64/winavr/bin/../lib/gcc/avr/4.3.3/avr5\libgcc.a(_udivmodqi4.o)
 .data          0x00800060        0x0 d:/sdk_win_64/winavr/bin/../lib/gcc/avr/4.3.3/avr5\libgcc.a(_udivmodsi4.o)
 .data          0x00800060        0x0 d:/sdk_win_64/winavr/bin/../lib/gcc/avr/4.3.3/avr5\libgcc.a(_exit.o)
 .data          0x00800060        0x0 d:/sdk_win_64/winavr/bin/../lib/gcc/avr/4.3.3/avr5\libgcc.a(_copy_data.o)
 .data          0x00800060        0x0 d:/sdk_win_64/winavr/bin/../lib/gcc/avr/4.3.3/avr5\libgcc.a(_clear_bss.o)
 *(.data*)
 .data.set_temp
                0x00800060        0x1 ./main.o
                0x00800060                set_temp
 .data.current_temp
                0x00800061        0x4 ./main.o
                0x00800061                current_temp
 *(.rodata)
 *(.rodata*)
 *(.gnu.linkonce.d*)
                0x00800066                . = ALIGN (0x2)
 *fill*         0x00800065        0x1 00
                0x00800066                _edata = .
                0x00800066                PROVIDE (__data_end, .)

.bss            0x00800066       0x1d
                0x00800066                PROVIDE (__bss_start, .)
 *(.bss)
 .bss           0x00800066        0x0 d:/sdk_win_64/winavr/bin/../lib/gcc/avr/4.3.3/../../../../avr/lib/avr5/crtm32.o
 .bss           0x00800066        0x0 ./DIO_PROGRAM.o
 .bss           0x00800066        0x0 ./EEPROM_Program.o
 .bss           0x00800066        0x0 ./GIE_program.o
 .bss           0x00800066        0x0 ./H_BRIDGE_Program.o
 .bss           0x00800066        0x0 ./TWI_Program.o
 .bss           0x00800066        0x0 ./Thermo_Program.o
 .bss           0x00800066        0x0 ./Timer_program.o
 .bss           0x00800066        0x0 ./exti_program.o
 .bss           0x00800066        0x0 ./main.o
 .bss           0x00800066        0x0 d:/sdk_win_64/winavr/bin/../lib/gcc/avr/4.3.3/avr5\libgcc.a(_udivmodqi4.o)
 .bss           0x00800066        0x0 d:/sdk_win_64/winavr/bin/../lib/gcc/avr/4.3.3/avr5\libgcc.a(_udivmodsi4.o)
 .bss           0x00800066        0x0 d:/sdk_win_64/winavr/bin/../lib/gcc/avr/4.3.3/avr5\libgcc.a(_exit.o)
 .bss           0x00800066        0x0 d:/sdk_win_64/winavr/bin/../lib/gcc/avr/4.3.3/avr5\libgcc.a(_copy_data.o)
 .bss           0x00800066        0x0 d:/sdk_win_64/winavr/bin/../lib/gcc/avr/4.3.3/avr5\libgcc.a(_clear_bss.o)
 *(.bss*)
 .bss.On_Off_Set_Flag
                0x00800066        0x1 ./main.o
                0x00800066                On_Off_Set_Flag
 .bss.current_led
                0x00800067        0x1 ./main.o
                0x00800067                current_led
 .bss.current_led_state
                0x00800068        0x1 ./main.o
                0x00800068                current_led_state
 .bss.Set_mode_count
                0x00800069        0x2 ./main.o
                0x00800069                Set_mode_count
 .bss.led_flag.1400
                0x0080006b        0x1 ./main.o
 .bss.j.1399    0x0080006c        0x1 ./main.o
 .bss.i.1398    0x0080006d        0x1 ./main.o
 .bss.Count.1397
                0x0080006e        0x1 ./main.o
 *(COMMON)
 COMMON         0x0080006f        0x2 ./DIO_PROGRAM.o
                0x0080006f                State
                0x00800070                PinType
 COMMON         0x00800071       0x12 ./main.o
                0x00800071                digit
                0x00800072                x
                0x00800081                decimal
                0x00800083                PROVIDE (__bss_end, .)
                0x000011ce                __data_load_start = LOADADDR (.data)
                0x000011d4                __data_load_end = (__data_load_start + SIZEOF (.data))

.noinit         0x00800083        0x0
                0x00800083                PROVIDE (__noinit_start, .)
 *(.noinit*)
                0x00800083                PROVIDE (__noinit_end, .)
                0x00800083                _end = .
                0x00800083                PROVIDE (__heap_start, .)

.eeprom         0x00810000        0x0
 *(.eeprom*)
                0x00810000                __eeprom_end = .

.fuse
 *(.fuse)
 *(.lfuse)
 *(.hfuse)
 *(.efuse)

.lock
 *(.lock*)

.signature
 *(.signature*)

.stab
 *(.stab)

.stabstr
 *(.stabstr)

.stab.excl
 *(.stab.excl)

.stab.exclstr
 *(.stab.exclstr)

.stab.index
 *(.stab.index)

.stab.indexstr
 *(.stab.indexstr)

.comment
 *(.comment)

.debug
 *(.debug)

.line
 *(.line)

.debug_srcinfo
 *(.debug_srcinfo)

.debug_sfnames
 *(.debug_sfnames)

.debug_aranges
 *(.debug_aranges)

.debug_pubnames
 *(.debug_pubnames)

.debug_info
 *(.debug_info)
 *(.gnu.linkonce.wi.*)

.debug_abbrev
 *(.debug_abbrev)

.debug_line
 *(.debug_line)

.debug_frame
 *(.debug_frame)

.debug_str
 *(.debug_str)

.debug_loc
 *(.debug_loc)

.debug_macinfo
 *(.debug_macinfo)
OUTPUT(MAIN_PROJECT.elf elf32-avr)
LOAD linker stubs
